// Jest Snapshot v1, https://goo.gl/fbAQLP

exports[`Creates snapeshot with default props 1`] = `
<input
  data-testid="input"
  maxLength={10}
  minLength={4}
  onChange={[Function]}
  placeholder="texte"
  required={true}
  type="text"
/>
`;
